src/components/admin/MarketingTab.tsx(1568,18): error TS2367: This comparison appears to be unintentional because the types '"fixed" | "percentage"' and '"percent"' have no overlap.
src/components/b2b/ClientDashboard.tsx(663,28): error TS2339: Property 'image_url' does not exist on type 'Product'.
src/components/b2b/ClientDashboard.tsx(665,36): error TS2339: Property 'image_url' does not exist on type 'Product'.
